C51 COMPILER V9.01   DELAY                                                                 05/14/2015 03:13:05 PAGE 1   


C51 COMPILER V9.01, COMPILATION OF MODULE DELAY
OBJECT MODULE PLACED IN Delay.OBJ
COMPILER INVOKED BY: C:\Keil\C51\BIN\C51.EXE Delay.c BROWSE DEBUG OBJECTEXTEND

line level    source

   1          #include"Delay.h"
   2          
   3          void delay0us(void)
   4          {
   5   1              unsigned char xdata i;
   6   1              for(i=1;i>0;i--);
   7   1      }
   8          void delay1us(void)
   9          {
  10   1              unsigned char xdata i;
  11   1              for(i=6;i>0;i--);
  12   1      }
  13          void delay_us(unsigned char T)
  14          {
  15   1          while(T--)
  16   1              {
  17   2                      delay1us();       
  18   2              }
  19   1      }
  20          void delay2us (void)
  21          {
  22   1         int x;
  23   1         for(x = 0;x < 12;x)
  24   1            x++;
  25   1      }
  26          void delay80us (void)
  27          {
  28   1         int x;
  29   1         for(x = 0;x < 500;x)
  30   1            x++;
  31   1      }


MODULE INFORMATION:   STATIC OVERLAYABLE
   CODE SIZE        =     74    ----
   CONSTANT SIZE    =   ----    ----
   XDATA SIZE       =   ----       2
   PDATA SIZE       =   ----    ----
   DATA SIZE        =   ----    ----
   IDATA SIZE       =   ----    ----
   BIT SIZE         =   ----    ----
END OF MODULE INFORMATION.


C51 COMPILATION COMPLETE.  0 WARNING(S),  0 ERROR(S)
