C51 COMPILER V9.01   USB_MAIN                                                              05/09/2015 12:33:23 PAGE 1   


C51 COMPILER V9.01, COMPILATION OF MODULE USB_MAIN
OBJECT MODULE PLACED IN USB_MAIN.OBJ
COMPILER INVOKED BY: C:\Keil\C51\BIN\C51.EXE USB_MAIN.c BROWSE DEBUG OBJECTEXTEND

line level    source

   1          //#include "compiler_defs.h"
   2          #include <c8051f340.h>
   3          #include <stddef.h>
   4          #include "USB_API.h"
   5          #include "C8051F340_AD7606.h"
   6          #include "stdio.h"
   7          
   8          U8 In_Packet[2]; // Last packet received from host
   9          extern U8 Out_Packet[32];
  10          extern U8 t;
  11          U8 Ax[16] ={1,2,3,4,5,6,7,8,9,10,11,12,13,14,15};
  12          U8 i;
  13          
  14          /*** [BEGIN] USB Descriptor Information [BEGIN] ***/
  15          code const UINT USB_VID = 0x10C4;                                                               
  16          code const UINT USB_PID = 0xEA61;
  17          code const BYTE USB_MfrStr[] = {0x1A,0x03,'S',0,'i',0,'l',0,'i',0,'c',0,'o',0,'n',0,' ',0,'L',0,'a',0,'b',
             -0,'s',0};
  18          code const BYTE USB_ProductStr[] = {0x10,0x03,'U',0,'S',0,'B',0,' ',0,'A',0,'P',0,'I',0};
  19          code const BYTE USB_SerialStr[] = {0x0A,0x03,'i',0,'d',0,'r',0,'i',0};
  20          code const BYTE USB_MaxPower = 15;
  21          code const BYTE USB_PwAttributes = 0x80; // Bus-powered, remote wakeup not supported
  22          code const UINT USB_bcdDevice = 0x0100;
  23          /*** [ END ] USB Descriptor Information [ END ] ***/
  24          
  25          void Oscillator_Init();
  26          void Port_Init(void);
  27          void Suspend_Device(void);
  28          
  29          void main(void)
  30          {
  31   1         PCA0MD &= ~0x40;
  32   1         
  33   1         USB_Clock_Start();
  34   1         USB_Init(USB_VID,USB_PID,USB_MfrStr,USB_ProductStr,USB_SerialStr,USB_MaxPower,USB_PwAttributes,USB_bcdD
             -evice);
  35   1         USB_Int_Enable();
  36   1      
  37   1         Oscillator_Init();
  38   1         Port_Init();
  39   1      
  40   1         AD7606_Init();
  41   1         
  42   1         while (1)
  43   1         {
  44   2                AD7606_Read();
  45   2                if(t==16)
  46   2                {
  47   3                      Block_Write(Out_Packet, 32);
  48   3                      t=0;
  49   3                }
  50   2                //Block_Write(Ax, 16);      
  51   2         }
  52   1      }
  53          
C51 COMPILER V9.01   USB_MAIN                                                              05/09/2015 12:33:23 PAGE 2   

  54          void Port_Init(void)
  55          {
  56   1              P0MDIN |= 0x40;// Port 0 pin 3 set as BUSY input
  57   1              P0MDOUT = 0xcf; //0x10 : Set TX pin to push-pull        
  58   1      
  59   1              P1MDIN |= 0xff; 
  60   1              P1MDOUT = 0x00;
  61   1              P1 |= 0xff;//Set port latches to '1'
  62   1      
  63   1              P2MDOUT = 0xf8;
  64   1              //P2 |= 0x00;
  65   1      
  66   1              P3MDIN |= 0xff; 
  67   1              P3MDOUT = 0x00;
  68   1              P3 |= 0xff;//Set port latches to '1'              
  69   1      
  70   1              XBR0 = 0x01;// Enable UART0
  71   1              XBR1 = 0x40;// Enable crossbar and weak pull-ups
  72   1      }
  73          
  74          void Oscillator_Init()
  75          {                                                               
  76   1          CLKSEL = 0x00; // Select the internal osc. as the SYSCLK source
  77   1          OSCICN = 0x83; // configure internal oscillator for 12MHz / 1
  78   1              RSTSRC = 0x04; // enable missing clock detector
  79   1      }
  80          
  81          void Suspend_Device(void)
  82          {
  83   1         // Disable peripherals before calling USB_Suspend()
  84   1         P0MDIN = 0x00;                       // Port 0 configured as analog input
  85   1         P1MDIN = 0x00;                       // Port 1 configured as analog input
  86   1         P2MDIN = 0x00;                       // Port 2 configured as analog input
  87   1         P3MDIN = 0x00;                       // Port 3 configured as analog input
  88   1      
  89   1         USB_Suspend();                       // Put the device in suspend state
  90   1      
  91   1         // Once execution returns from USB_Suspend(), device leaves suspend state.Reenable peripherals
  92   1         P0MDIN = 0xFF;
  93   1         P1MDIN = 0x7F;                       // Port 1 pin 7 set as analog input
  94   1         P2MDIN = 0xFF;
  95   1         P3MDIN = 0x01;
  96   1      }
  97          
  98          // Example ISR for USB_API
  99          void  USB_API_TEST_ISR(void) interrupt 17
 100          {
 101   1         BYTE INTVAL = Get_Interrupt_Source();
 102   1      
 103   1         if (INTVAL & RX_COMPLETE)
 104   1         {
 105   2            Block_Read(In_Packet, 2);
 106   2         }
 107   1      
 108   1         if (INTVAL & DEV_SUSPEND)
 109   1         {
 110   2              Suspend_Device();
 111   2         }
 112   1      
 113   1         if (INTVAL & DEV_CONFIGURED)
 114   1         {
 115   2                      Oscillator_Init();
C51 COMPILER V9.01   USB_MAIN                                                              05/09/2015 12:33:23 PAGE 3   

 116   2                      Port_Init();
 117   2         }
 118   1      }


MODULE INFORMATION:   STATIC OVERLAYABLE
   CODE SIZE        =    298    ----
   CONSTANT SIZE    =     60    ----
   XDATA SIZE       =   ----    ----
   PDATA SIZE       =   ----    ----
   DATA SIZE        =     19       1
   IDATA SIZE       =   ----    ----
   BIT SIZE         =   ----    ----
END OF MODULE INFORMATION.


C51 COMPILATION COMPLETE.  0 WARNING(S),  0 ERROR(S)
