C51 COMPILER V9.53.0.0   C8051F340_AD7606                                                  05/19/2015 14:02:00 PAGE 1   


C51 COMPILER V9.53.0.0, COMPILATION OF MODULE C8051F340_AD7606
OBJECT MODULE PLACED IN .\src\C8051F340_AD7606.OBJ
COMPILER INVOKED BY: c:\SiliconLabs\SimplicityStudio\v3\developer\toolchains\keil_8051\9.53\BIN\C51.exe G:\AD7606_C8051F
                    -340_Sample\AD7606_C8051F340_SimplicityStudio\src\C8051F340_AD7606.c OMF2 SMALL DEBUG OBJECTEXTEND ROM(LARGE) WARNINGLEVE
                    -L(2) FLOATFUZZY(3) OPTIMIZE(8,SPEED) DEFINE(DEBUG=1) INTVECTOR(0X0000) INTPROMOTE INCDIR(C:/SiliconLabs/SimplicityStudio
                    -/v3/developer/sdks/si8051/v3//Device/shared/si8051Base;C:/SiliconLabs/SimplicityStudio/v3/developer/sdks/si8051/v3//Devi
                    -ce/C8051F340;C:/SiliconLabs/SimplicityStudio/v3/developer/sdks/si8051/v3//Device/C8051F340/inc) PRINT(.\src\C8051F340_AD
                    -7606.lst) COND PAGEWIDTH(120) PAGELENGTH(65) OBJECT(.\src\C8051F340_AD7606.OBJ)

line level    source

   1          #include <c8051f340.h>
   2          #include "C8051F340_AD7606.h"
   3          #include "Delay.h"
   4          #include <intrins.h>
   5          
   6          sbit CS_RD=P0^0;
   7          sbit CONVSTAB=P0^1;
   8          sbit BUSY=P0^6;
   9          sbit REST=P0^7;
  10          sbit OA=P2^4;
  11          sbit OB=P2^5;
  12          sbit OC=P2^6;
  13          sbit RAGE= P2^7;
  14          
  15          U8 Busy;
  16          
  17          U8 xdata out[1024];
  18          U16 t;
  19          U16 i;
  20          
  21          void AD7606_Init()
  22          {
  23   1              delay80us();
  24   1              REST=0;
  25   1              OA=0;OB=0;OC=0;RAGE=0;
  26   1              CS_RD=1;
  27   1              CONVSTAB=1;
  28   1              REST=1;
  29   1              delay1us();
  30   1              REST=0;
  31   1              
  32   1      }                                          
  33          
  34          void AD7606_Read()
  35          {
  36   1              CONVSTAB=1;     
  37   1              Block_Write(out,1024);
*** WARNING C206 IN LINE 37 OF G:\AD7606_C8051F340_Sample\AD7606_C8051F340_SimplicityStudio\src\C8051F340_AD7606.c: 'Blo
             -ck_Write': missing function-prototype
*** ERROR C267 IN LINE 37 OF G:\AD7606_C8051F340_Sample\AD7606_C8051F340_SimplicityStudio\src\C8051F340_AD7606.c: 'Block
             -_Write': requires ANSI-style prototype
  38   1              Busy=BUSY;
  39   1              while(Busy==1)
  40   1              {
  41   2                      Busy=BUSY;
  42   2              }       
  43   1              CS_RD=0;
  44   1              out[0]=P3;
  45   1              out[1]=P1;
  46   1              CS_RD=1;
  47   1              CONVSTAB=0;
C51 COMPILER V9.53.0.0   C8051F340_AD7606                                                  05/19/2015 14:02:00 PAGE 2   

  48   1      }

C51 COMPILATION COMPLETE.  1 WARNING(S),  1 ERROR(S)
